COMMAND OMP_NUM_THREADS=28 ./census 1000000000 1000000 64 results/census_1e9
532f0dcee2b0bc0c0d35ab81770848c322f3a495963fc22f34a95dfc2eda6dd1  census.c
DONE limit=1000000000 pairs=50847530 seconds=41.690
real 41.69
user 733.46
sys 0.45
COMMAND OMP_NUM_THREADS=28 ./census 10000000000 2000000 15 results/base15_1e10
DONE limit=10000000000 pairs=455052507 seconds=38.672
real 38.67
user 964.53
sys 3.43
a91a4d913f0ce576589cb9b3354b932b75f9607b39e5ede304b763931227ac71  results/census_1e9.channels_10.bin
cb7467d50cddd1ee5a3abca2ee14864fe1603db8a8918a00437359fa5bd4f9d8  results/census_1e9.channels_11.bin
173f84e41c6426926abab472cd2f5fe83531378379c93c79caf12a4db3b18750  results/census_1e9.channels_13.bin
29191f336582f0d691a5b934a97f0b7dece746c7c3b2612aab311bfbd5a04358  results/census_1e9.channels_15.bin
b8442e5798c11ed9b3f4e6ce0713ade93127da172de12216fba71244287eedf0  results/census_1e9.channels_17.bin
ad0e27e39421fb341270f508253f6fe23569cb01f84a45860ab5ead0993b4424  results/census_1e9.channels_2.bin
4fc7d5ba37f030bef89167454ad64f52dc3396bafc83fcdc435c93aeb5927835  results/census_1e9.channels_21.bin
e382161ee551773bc81acb40266edb79dbc6a45b0e4a960abfcd81affa2d1026  results/census_1e9.channels_29.bin
49517987e6ec46737731ed6420706abe1ff628a416077833770a64df2332b430  results/census_1e9.channels_3.bin
27dbf03fafc633e4bd887d7e60ff96a6b1640a77148512fd87db6cb768095709  results/census_1e9.channels_5.bin
a46d438be362f421a4474eefb78f6c3db620b8653cee9b730ef9299726bfed1b  results/census_1e9.channels_6.bin
3e4a01fbaa426e5dbff4d7e22914fd36850c83f2f8ae639364ce1af4f38f0f00  results/census_1e9.channels_7.bin
afb687831bbe22a4ba5a7c68671898610c87fb103f4926a7229613570441aca4  results/census_1e9.exceptions.csv
54d65465e00ac73afcf05cd63a15b3cf071e9708aaf001393ebbaaf865f846dd  results/census_1e9.json
acc1c99660d7ac73e8e49465a8d76ce8c97b4c91e86688b9e306739c1962acec  results/census_1e9.tiny.csv
12ea52b2a6c9f45a1bd1530ff59113c704cfe7b4c3d9d7033b9d9da11c80ed22  results/base15_1e10.exceptions.csv
d92d226fc4ad2ae40b0384b6837ad2eb67556a438011c063b52a064c9205c30a  results/base15_1e10.json
007d49646ab407b712cf9f82e7efb296350148a487df255ea43c3a21b2ee0e06  results/base15_1e10.tiny.csv
COMPLETE
